main.c:102:5:main	80	static
main.c:218:6:SystemClock_Config	72	static
main.c:254:13:MX_SPI1_Init	8	static
main.c:292:13:MX_USART2_UART_Init	8	static
main.c:325:13:MX_GPIO_Init	32	static
main.c:366:5:__io_putchar	16	static
main.c:372:5:__io_getchar	16	static
main.c:380:6:GerarExibirSenha	40	static
main.c:394:6:ProcessarEntradaSenha	48	static
main.c:411:6:ValidarAcesso	24	static
main.c:434:6:ConfigurarLimiteAlunos	48	static
main.c:470:6:ExecutarControleAula	56	static
main.c:564:6:EncerrarAula	56	static
main.c:588:6:DesenharBarraTopo	48	static
main.c:613:6:Error_Handler	4	static,ignoring_inline_asm
